// Jest Snapshot v1, https://goo.gl/fbAQLP

exports[`<Cart /> renders and matches snap shot 1`] = `
<button
  disabled={false}
  onClick={[Function]}
>
  Add
   To Cart
</button>
`;
